# tutorial_applications.txt

20200801	- created



Table of Contents

[ GIT BASIC TUTORIALS ]






### >>>

[ GIT BASIC TUTORIALS ]

1. Install git on your systems.
# yum install git

2. Create a dir/folder for your files you want to track
# mkdir ~/project1 ; cd ~/project1

3. Create few files that you want to track
# touch index.html
# touch apps.js
# README.md

4. Initialized your folder with git for track
			!!! This will create master brach for your project
# git init		### this will create .git folder on your current dir.
# git config --global user.name 'abetpcmt'
# git config --global user.email 'abetpcmt@gmail.com

5. Check your file status 
# git status
		!!! all file will be on STAGING AREA initially !!!
# On branch master
#
# Initial commit
#
# Changes to be committed:
#   (use "git rm --cached <file>..." to unstage)
#
#	new file:   README.md
#	new file:   tutorial_applications.txt
#	new file:   tutorial_systems.txt
#
# Changes not staged for commit:
#   (use "git add <file>..." to update what will be committed)
#   (use "git checkout -- <file>..." to discard changes in working directory)
#
#	modified:   tutorial_applications.txt
#

6. to add the modified file
# git add .     or filename.txt
# git add *.hml
# git add *.js

7. To commit all the changes just run
# git commit 
 

[ GIT UPLOADING TO GITHUB ] 


8. Login to github and create a free account 
https://github.com

	[ GENERATING NEW SSH KEY for GitHub account ]
	https://docs.github.com/en/github/authenticating-to-github/generating-a-new-ssh-key-and-adding-it-to-the-ssh-agent

	1. Open terminal 
	2. Paste the following, substituting in your GitHub email address.
	   $  ssh-keygen -t rsa -b 4096 -C "your_email@example.com" 
	   > Generating public/private rsa key pair.
	3. Press enter when prompted with this.
	   > Enter a file in which to save the key (/home/you/.ssh/id_rsa): [Press enter]
        4. Type a secure passphrase
	   > Enter passphrase (empty for no passphrase): [Type a passphrase]
	   > Enter same passphrase again: [Type passphrase again]

	Adding your SSH key to the ssh-agent
	5. Start ssh-agent in the backgound
	   $ eval "$(ssh-agent -s)"
	   > Agent pid 59566

	6. Add your SSH private key to ssh-agent
	   $ ssh-add ~/.ssh/id_rsa

	7. Add your SSH key to your GitHub account
	   https://docs.github.com/en/articles/adding-a-new-ssh-key-to-your-github-account
 	   !!! copy your SSH  public key !!!
	   # cat ~/.ssh/id_rsa.pub	### copy all NO SPACES and paste to your GitHub.
	
9. Create new repository for your project and put 
	Repository name
	Description
	Public

10. Click Create repository then if your first time  follow the instruction on the page

      …or create a new repository on the command line
	echo "# mytutorialsrepository" >> README.md
	git init
	git add README.md
	git commit -m "first commit"
	git remote add origin git@github.com:abetpcmt/mytutorialsrepository.git
	git push -u origin master

11. Take note of the last 2 lines. run this to  know where it will upload to github
	git remote add origin git@github.com:abetpcmt/mytutorialsrepository.git
	git push -u origin master

12. Execute this to configure your local git to see the remote github
	# git remote add origin git@github.com:abetpcmt/mytutorialsrepository.git
	# git remote
	# origin

13. Execute this to upload the local master branch to github
	# git push -u origin master

14. You will see the newly upload files on your GitHub account.
	abetpcmt/mytutorialsrepository




 







